MSBUILD : error MSB1001: Unknown switch.
    Full command line: 'C:\Program Files\dotnet\sdk\9.0.305\MSBuild.dll -maxcpucount -verbosity:m -tlp:default=auto -nologo -restore -consoleloggerparameters:Summary -verbosity:q -noRestore -distributedlogger:Microsoft.DotNet.Tools.MSBuild.MSBuildLogger,C:\Program Files\dotnet\sdk\9.0.305\dotnet.dll*Microsoft.DotNet.Tools.MSBuild.MSBuildForwardingLogger,C:\Program Files\dotnet\sdk\9.0.305\dotnet.dll'
  Switches appended by response files:
Switch: -noRestore

For switch syntax, type "MSBuild -help"
