  Determining projects to restore...
  All projects are up-to-date for restore.
  AuctionSys.Domain -> C:\Users\LENOVO\Desktop\intern\C#\Auction-Marketplace-System-BE\AuctionSys.Domain\bin\Debug\net8.0\AuctionSys.Domain.dll
C:\Users\LENOVO\Desktop\intern\C#\Auction-Marketplace-System-BE\AuctionSys.Application\UseCases\Wallet\GetWalletUseCase.cs(32,17): error CS0200: Property or indexer 'Wallet.Balance' cannot be assigned to -- it is read only [C:\Users\LENOVO\Desktop\intern\C#\Auction-Marketplace-System-BE\AuctionSys.Application\AuctionSys.Application.csproj]
C:\Users\LENOVO\Desktop\intern\C#\Auction-Marketplace-System-BE\AuctionSys.Application\UseCases\Wallet\GetWalletUseCase.cs(33,17): error CS0200: Property or indexer 'Wallet.FrozenBalance' cannot be assigned to -- it is read only [C:\Users\LENOVO\Desktop\intern\C#\Auction-Marketplace-System-BE\AuctionSys.Application\AuctionSys.Application.csproj]

Build FAILED.

C:\Users\LENOVO\Desktop\intern\C#\Auction-Marketplace-System-BE\AuctionSys.Application\UseCases\Wallet\GetWalletUseCase.cs(32,17): error CS0200: Property or indexer 'Wallet.Balance' cannot be assigned to -- it is read only [C:\Users\LENOVO\Desktop\intern\C#\Auction-Marketplace-System-BE\AuctionSys.Application\AuctionSys.Application.csproj]
C:\Users\LENOVO\Desktop\intern\C#\Auction-Marketplace-System-BE\AuctionSys.Application\UseCases\Wallet\GetWalletUseCase.cs(33,17): error CS0200: Property or indexer 'Wallet.FrozenBalance' cannot be assigned to -- it is read only [C:\Users\LENOVO\Desktop\intern\C#\Auction-Marketplace-System-BE\AuctionSys.Application\AuctionSys.Application.csproj]
    0 Warning(s)
    2 Error(s)

Time Elapsed 00:00:01.22
